../Core/Src/main.c:119:6:button_handle	16	static
../Core/Src/main.c:178:6:button_pressing_callback	4	static
../Core/Src/main.c:188:6:button_shortpressing_callback_500ms	4	static
../Core/Src/main.c:198:6:button_longpressing_callback_500ms	8	static
../Core/Src/main.c:216:6:button_release_callback	4	static
../Core/Src/main.c:224:6:led_blink_origin	8	static
../Core/Src/main.c:231:6:led_blink_sequence	8	static
../Core/Src/main.c:260:6:led_blink_alternate	8	static
../Core/Src/main.c:283:5:main	8	static
../Core/Src/main.c:339:6:SystemClock_Config	72	static
../Core/Src/main.c:379:13:MX_TIM3_Init	32	static
../Core/Src/main.c:424:13:MX_USART1_UART_Init	8	static
../Core/Src/main.c:457:13:MX_GPIO_Init	40	static
../Core/Src/main.c:485:6:HAL_TIM_PeriodElapsedCallback	16	static
../Core/Src/main.c:544:6:Error_Handler	4	static,ignoring_inline_asm
