../Core/Src/main.c:112:6:button_handle	16	static
../Core/Src/main.c:168:6:button_pressing_callback	4	static
../Core/Src/main.c:177:6:button_shortpressing_callback_500ms	4	static
../Core/Src/main.c:187:6:button_longpressing_callback_500ms	8	static
../Core/Src/main.c:202:6:button_release_callback	4	static
../Core/Src/main.c:209:6:led_blink_origin	8	static
../Core/Src/main.c:216:6:led_blink_sequence	8	static
../Core/Src/main.c:245:6:led_blink_alternate	8	static
../Core/Src/main.c:271:5:main	8	static
../Core/Src/main.c:332:6:SystemClock_Config	72	static
../Core/Src/main.c:372:13:MX_TIM3_Init	32	static
../Core/Src/main.c:417:13:MX_TIM4_Init	32	static
../Core/Src/main.c:462:13:MX_USART1_UART_Init	8	static
../Core/Src/main.c:495:13:MX_GPIO_Init	40	static
../Core/Src/main.c:523:6:HAL_TIM_PeriodElapsedCallback	16	static
../Core/Src/main.c:576:6:Error_Handler	4	static,ignoring_inline_asm
