../Core/Src/main.c:106:6:button_shortpressing_callback_500ms	16	static
../Core/Src/main.c:128:6:button_longpressing_callback_500ms	16	static
../Core/Src/main.c:140:6:time_cycle_inc_callback	4	static
../Core/Src/main.c:149:6:time_cycle_dec_callback	4	static
../Core/Src/main.c:158:6:led_blink_origin	8	static
../Core/Src/main.c:173:6:led_blink_sequence	8	static
../Core/Src/main.c:202:6:led_blink_alternate	8	static
../Core/Src/main.c:225:5:main	8	static
../Core/Src/main.c:284:6:SystemClock_Config	72	static
../Core/Src/main.c:324:13:MX_TIM3_Init	32	static
../Core/Src/main.c:369:13:MX_TIM4_Init	32	static
../Core/Src/main.c:414:13:MX_USART1_UART_Init	8	static
../Core/Src/main.c:447:13:MX_GPIO_Init	40	static
../Core/Src/main.c:475:6:HAL_TIM_PeriodElapsedCallback	16	static
../Core/Src/main.c:545:6:Error_Handler	4	static,ignoring_inline_asm
